
> task@0.0.0 dev
> vite --host


  [32m[1mVITE[22m v8.2.1[39m  [2mready in [0m[1m459[22m[2m[0m ms[22m

  [32m➜[39m  [1mLocal[22m:   [36mhttp://localhost:[1m5173[22m/[39m
  [32m➜[39m  [1mNetwork[22m: [36mhttp://192.168.3.39:[1m5173[22m/[39m  [2mWLAN[22m
[2m[32m  ➜[39m[22m[2m  press [22m[1mh + enter[22m[2m to show help[22m
[2m23:31:13[22m [33m[1m[vite][22m[39m [33m[2m(client)[22m[39m [33mwarning: invalid import "./components/${entry.demo}". A file extension must be included in the static part of the import. For example: import(`./foo/${bar}.js`).[39m
  Plugin: [35mvite:dynamic-import-vars[39m
  File: [36mD:/task/src/App.jsx[39m
[2m23:31:13[22m [33m[1m[vite][22m[39m [33m[2m(client)[22m[39m [33mwarning: 
[36mD:/task/src/App.jsx[33m
[0m12 |  for (const entry of MANIFEST) {
13 |  	if (entry.demo) {
14 |  		demoLoaders[entry.id] = lazy(() => import(`./components/${entry.demo}`));
   |                                              ^^^^^^^^^^^^^^^^^^^^^^^^^^^^
15 |  	}
16 |  }[0m[33m
The above dynamic import cannot be analyzed by Vite.
See [34mhttps://vite.dev/guide/features#dynamic-import[33m for supported dynamic import formats. If this is intended to be left as-is, you can use the /* @vite-ignore */ comment inside the import() call to suppress this warning.
[33m[39m
  Plugin: [35mvite:import-analysis[39m
  File: [36mD:/task/src/App.jsx[39m
[2m23:31:54[22m [31m[1m[vite][22m[39m [31m[2m(client)[22m[39m [2m[console.error] [22mEncountered two children with the same key, `10-2`. Keys should be unique so that components maintain their identity across updates. Non-unique keys may cause children to be duplicated and/or omitted — the behavior is unsupported and could change in a future version.
[2m23:31:54[22m [31m[1m[vite][22m[39m [31m[2m(client)[22m[39m [2m[console.error] [22mEncountered two children with the same key, `10-1`. Keys should be unique so that components maintain their identity across updates. Non-unique keys may cause children to be duplicated and/or omitted — the behavior is unsupported and could change in a future version.
[2m23:31:54[22m [31m[1m[vite][22m[39m [31m[2m(client)[22m[39m [2m[console.error] [22mEncountered two children with the same key, `9-5`. Keys should be unique so that components maintain their identity across updates. Non-unique keys may cause children to be duplicated and/or omitted — the behavior is unsupported and could change in a future version.
[2m23:31:54[22m [31m[1m[vite][22m[39m [31m[2m(client)[22m[39m [2m[console.error] [22mEncountered two children with the same key, `10-2`. Keys should be unique so that components maintain their identity across updates. Non-unique keys may cause children to be duplicated and/or omitted — the behavior is unsupported and could change in a future version.
[2m23:31:54[22m [31m[1m[vite][22m[39m [31m[2m(client)[22m[39m [2m[console.error] [22mEncountered two children with the same key, `7-5`. Keys should be unique so that components maintain their identity across updates. Non-unique keys may cause children to be duplicated and/or omitted — the behavior is unsupported and could change in a future version.
[2m23:31:56[22m [31m[1m[vite][22m[39m [31m[2m(client)[22m[39m [2m[console.error] [22mEncountered two children with the same key, `8-5`. Keys should be unique so that components maintain their identity across updates. Non-unique keys may cause children to be duplicated and/or omitted — the behavior is unsupported and could change in a future version.
[2m23:31:56[22m [31m[1m[vite][22m[39m [31m[2m(client)[22m[39m [2m[console.error] [22mEncountered two children with the same key, `7-1`. Keys should be unique so that components maintain their identity across updates. Non-unique keys may cause children to be duplicated and/or omitted — the behavior is unsupported and could change in a future version.
[2m23:31:56[22m [31m[1m[vite][22m[39m [31m[2m(client)[22m[39m [2m[console.error] [22mEncountered two children with the same key, `10-2`. Keys should be unique so that components maintain their identity across updates. Non-unique keys may cause children to be duplicated and/or omitted — the behavior is unsupported and could change in a future version.
[2m23:31:56[22m [31m[1m[vite][22m[39m [31m[2m(client)[22m[39m [2m[console.error] [22mEncountered two children with the same key, `9-5`. Keys should be unique so that components maintain their identity across updates. Non-unique keys may cause children to be duplicated and/or omitted — the behavior is unsupported and could change in a future version.
[2m23:31:57[22m [31m[1m[vite][22m[39m [31m[2m(client)[22m[39m [2m[console.error] [22mEncountered two children with the same key, `8-6`. Keys should be unique so that components maintain their identity across updates. Non-unique keys may cause children to be duplicated and/or omitted — the behavior is unsupported and could change in a future version.
[2m23:31:57[22m [31m[1m[vite][22m[39m [31m[2m(client)[22m[39m [2m[console.error] [22mEncountered two children with the same key, `8-6`. Keys should be unique so that components maintain their identity across updates. Non-unique keys may cause children to be duplicated and/or omitted — the behavior is unsupported and could change in a future version.
[2m23:32:56[22m [36m[1m[vite][22m[39m [90m[2m(client)[22m[39m [32mhmr update [39m[2m/src/App.jsx, /src/index.css[22m
[2m23:32:56[22m [33m[1m[vite][22m[39m [33m[2m(client)[22m[39m [33mwarning: invalid import "./components/${entry.demo}". A file extension must be included in the static part of the import. For example: import(`./foo/${bar}.js`).[39m
  Plugin: [35mvite:dynamic-import-vars[39m
  File: [36mD:/task/src/App.jsx[39m
[2m23:32:56[22m [33m[1m[vite][22m[39m [33m[2m(client)[22m[39m [33mwarning: 
[36mD:/task/src/App.jsx[33m
[0m12 |  for (const entry of MANIFEST) {
13 |  	if (entry.demo) {
14 |  		demoLoaders[entry.id] = lazy(() => import(`./components/${entry.demo}`));
   |                                              ^^^^^^^^^^^^^^^^^^^^^^^^^^^^
15 |  	}
16 |  }[0m[33m
The above dynamic import cannot be analyzed by Vite.
See [34mhttps://vite.dev/guide/features#dynamic-import[33m for supported dynamic import formats. If this is intended to be left as-is, you can use the /* @vite-ignore */ comment inside the import() call to suppress this warning.
[33m[39m
  Plugin: [35mvite:import-analysis[39m
  File: [36mD:/task/src/App.jsx[39m
[2m23:32:56[22m [31m[1m[vite][22m[39m [31m[2m(client)[22m[39m [2m[console.error] [22mEncountered two children with the same key, `9-6`. Keys should be unique so that components maintain their identity across updates. Non-unique keys may cause children to be duplicated and/or omitted — the behavior is unsupported and could change in a future version.
[2m23:32:56[22m [31m[1m[vite][22m[39m [31m[2m(client)[22m[39m [2m[console.error] [22mEncountered two children with the same key, `7-1`. Keys should be unique so that components maintain their identity across updates. Non-unique keys may cause children to be duplicated and/or omitted — the behavior is unsupported and could change in a future version.
[2m23:32:56[22m [31m[1m[vite][22m[39m [31m[2m(client)[22m[39m [2m[console.error] [22mEncountered two children with the same key, `9-2`. Keys should be unique so that components maintain their identity across updates. Non-unique keys may cause children to be duplicated and/or omitted — the behavior is unsupported and could change in a future version.
[2m23:32:57[22m [31m[1m[vite][22m[39m [31m[2m(client)[22m[39m [2m[console.error] [22mEncountered two children with the same key, `8-5`. Keys should be unique so that components maintain their identity across updates. Non-unique keys may cause children to be duplicated and/or omitted — the behavior is unsupported and could change in a future version.
[2m23:32:57[22m [31m[1m[vite][22m[39m [31m[2m(client)[22m[39m [2m[console.error] [22mEncountered two children with the same key, `10-1`. Keys should be unique so that components maintain their identity across updates. Non-unique keys may cause children to be duplicated and/or omitted — the behavior is unsupported and could change in a future version.
[2m23:34:31[22m [31m[1m[vite][22m[39m [31m[2m(client)[22m[39m [2m[console.error] [22mEncountered two children with the same key, `7-1`. Keys should be unique so that components maintain their identity across updates. Non-unique keys may cause children to be duplicated and/or omitted — the behavior is unsupported and could change in a future version.
[2m23:34:31[22m [31m[1m[vite][22m[39m [31m[2m(client)[22m[39m [2m[console.error] [22mEncountered two children with the same key, `8-4`. Keys should be unique so that components maintain their identity across updates. Non-unique keys may cause children to be duplicated and/or omitted — the behavior is unsupported and could change in a future version.
[2m23:34:31[22m [31m[1m[vite][22m[39m [31m[2m(client)[22m[39m [2m[console.error] [22mEncountered two children with the same key, `10-3`. Keys should be unique so that components maintain their identity across updates. Non-unique keys may cause children to be duplicated and/or omitted — the behavior is unsupported and could change in a future version.
[2m23:37:03[22m [36m[1m[vite][22m[39m [90m[2m(client)[22m[39m [32mhmr update [39m[2m/src/index.css[22m
[2m23:37:07[22m [36m[1m[vite][22m[39m [90m[2m(client)[22m[39m [32mhmr update [39m[2m/src/App.jsx, /src/index.css[22m
[2m23:37:07[22m [33m[1m[vite][22m[39m [33m[2m(client)[22m[39m [33mwarning: invalid import "./components/${entry.demo}". A file extension must be included in the static part of the import. For example: import(`./foo/${bar}.js`).[39m
  Plugin: [35mvite:dynamic-import-vars[39m
  File: [36mD:/task/src/App.jsx[39m
[2m23:37:07[22m [33m[1m[vite][22m[39m [33m[2m(client)[22m[39m [33mwarning: 
[36mD:/task/src/App.jsx[33m
[0m12 |  for (const entry of MANIFEST) {
13 |  	if (entry.demo) {
14 |  		demoLoaders[entry.id] = lazy(() => import(`./components/${entry.demo}`));
   |                                              ^^^^^^^^^^^^^^^^^^^^^^^^^^^^
15 |  	}
16 |  }[0m[33m
The above dynamic import cannot be analyzed by Vite.
See [34mhttps://vite.dev/guide/features#dynamic-import[33m for supported dynamic import formats. If this is intended to be left as-is, you can use the /* @vite-ignore */ comment inside the import() call to suppress this warning.
[33m[39m
  Plugin: [35mvite:import-analysis[39m
  File: [36mD:/task/src/App.jsx[39m
[2m23:37:08[22m [31m[1m[vite][22m[39m [31m[2m(client)[22m[39m [2m[console.error] [22mEncountered two children with the same key, `8-2`. Keys should be unique so that components maintain their identity across updates. Non-unique keys may cause children to be duplicated and/or omitted — the behavior is unsupported and could change in a future version.
[2m23:37:08[22m [31m[1m[vite][22m[39m [31m[2m(client)[22m[39m [2m[console.error] [22mEncountered two children with the same key, `8-5`. Keys should be unique so that components maintain their identity across updates. Non-unique keys may cause children to be duplicated and/or omitted — the behavior is unsupported and could change in a future version.
[2m23:37:08[22m [36m[1m[vite][22m[39m [90m[2m(client)[22m[39m [optimizer] bundling dependencies...
[2m23:37:09[22m [36m[1m[vite][22m[39m [90m[2m(client)[22m[39m [32mdependency optimized: [33m@react-three/fiber[32m[39m
[2m23:37:09[22m [36m[1m[vite][22m[39m [90m[2m(client)[22m[39m [32moptimized dependencies changed. reloading[39m
[2m23:37:10[22m [33m[1m[vite][22m[39m [33m[2m(client)[22m[39m [33mwarning: invalid import "./components/${entry.demo}". A file extension must be included in the static part of the import. For example: import(`./foo/${bar}.js`).[39m
  Plugin: [35mvite:dynamic-import-vars[39m
  File: [36mD:/task/src/App.jsx[39m
[2m23:37:10[22m [33m[1m[vite][22m[39m [33m[2m(client)[22m[39m [33mwarning: 
[36mD:/task/src/App.jsx[33m
[0m12 |  for (const entry of MANIFEST) {
13 |  	if (entry.demo) {
14 |  		demoLoaders[entry.id] = lazy(() => import(`./components/${entry.demo}`));
   |                                              ^^^^^^^^^^^^^^^^^^^^^^^^^^^^
15 |  	}
16 |  }[0m[33m
The above dynamic import cannot be analyzed by Vite.
See [34mhttps://vite.dev/guide/features#dynamic-import[33m for supported dynamic import formats. If this is intended to be left as-is, you can use the /* @vite-ignore */ comment inside the import() call to suppress this warning.
[33m[39m
  Plugin: [35mvite:import-analysis[39m
  File: [36mD:/task/src/App.jsx[39m
[2m23:37:11[22m [31m[1m[vite][22m[39m [31m[2m(client)[22m[39m [2m[console.error] [22mEncountered two children with the same key, `8-2`. Keys should be unique so that components maintain their identity across updates. Non-unique keys may cause children to be duplicated and/or omitted — the behavior is unsupported and could change in a future version.
[2m23:37:11[22m [31m[1m[vite][22m[39m [31m[2m(client)[22m[39m [2m[console.error] [22mEncountered two children with the same key, `10-4`. Keys should be unique so that components maintain their identity across updates. Non-unique keys may cause children to be duplicated and/or omitted — the behavior is unsupported and could change in a future version.
[2m23:37:11[22m [31m[1m[vite][22m[39m [31m[2m(client)[22m[39m [2m[console.error] [22mEncountered two children with the same key, `10-1`. Keys should be unique so that components maintain their identity across updates. Non-unique keys may cause children to be duplicated and/or omitted — the behavior is unsupported and could change in a future version.
[2m23:37:11[22m [31m[1m[vite][22m[39m [31m[2m(client)[22m[39m [2m[console.error] [22mEncountered two children with the same key, `9-6`. Keys should be unique so that components maintain their identity across updates. Non-unique keys may cause children to be duplicated and/or omitted — the behavior is unsupported and could change in a future version.
[2m23:37:11[22m [31m[1m[vite][22m[39m [31m[2m(client)[22m[39m [2m[console.error] [22mEncountered two children with the same key, `8-6`. Keys should be unique so that components maintain their identity across updates. Non-unique keys may cause children to be duplicated and/or omitted — the behavior is unsupported and could change in a future version.
[2m23:37:11[22m [31m[1m[vite][22m[39m [31m[2m(client)[22m[39m [2m[console.error] [22mEncountered two children with the same key, `8-3`. Keys should be unique so that components maintain their identity across updates. Non-unique keys may cause children to be duplicated and/or omitted — the behavior is unsupported and could change in a future version.
[2m23:37:11[22m [31m[1m[vite][22m[39m [31m[2m(client)[22m[39m [2m[console.error] [22mEncountered two children with the same key, `8-6`. Keys should be unique so that components maintain their identity across updates. Non-unique keys may cause children to be duplicated and/or omitted — the behavior is unsupported and could change in a future version.
[2m23:37:11[22m [31m[1m[vite][22m[39m [31m[2m(client)[22m[39m [2m[console.error] [22mEncountered two children with the same key, `7-5`. Keys should be unique so that components maintain their identity across updates. Non-unique keys may cause children to be duplicated and/or omitted — the behavior is unsupported and could change in a future version.
[2m23:37:12[22m [31m[1m[vite][22m[39m [31m[2m(client)[22m[39m [2m[console.error] [22mEncountered two children with the same key, `7-2`. Keys should be unique so that components maintain their identity across updates. Non-unique keys may cause children to be duplicated and/or omitted — the behavior is unsupported and could change in a future version.
[2m23:37:12[22m [31m[1m[vite][22m[39m [31m[2m(client)[22m[39m [2m[console.error] [22mEncountered two children with the same key, `9-1`. Keys should be unique so that components maintain their identity across updates. Non-unique keys may cause children to be duplicated and/or omitted — the behavior is unsupported and could change in a future version.
[2m12:37:28[22m [36m[1m[vite][22m[39m [90m[2m(client)[22m[39m [32mhmr update [39m[2m/src/components/MaskedHeading/MaskedHeading.jsx, /src/index.css[22m
[2m12:37:45[22m [36m[1m[vite][22m[39m [90m[2m(client)[22m[39m [32mhmr update [39m[2m/src/components/AddComponentPanel.jsx, /src/index.css[22m
[2m12:42:22[22m [36m[1m[vite][22m[39m [90m[2m(client)[22m[39m [32mhmr update [39m[2m/src/components/AddComponentPanel.jsx, /src/index.css[22m
[2m12:42:27[22m [36m[1m[vite][22m[39m [90m[2m(client)[22m[39m [32mhmr update [39m[2m/src/components/AddComponentPanel.jsx, /src/index.css[22m
[2m12:45:05[22m [31m[1m[vite][22m[39m [31m[2m(client)[22m[39m [31m[Unhandled error] [1mReferenceError[22m: running is not defined
[39m > AddComponentPanel src/components/AddComponentPanel.jsx:114:22
    112 |            <button
    113 |              onClick={run}
    114 |              disabled={running || !command.trim()}
        |                        ^
    115 |              className="rounded-lg bg-blue-500 px-6 py-3 text-sm font-medium text-white transition hover:bg-blue-400 d...
    116 |            >
 > Object.react_stack_bottom_frame node_modules/react-dom/cjs/react-dom-client.development.js:25904:19
 > renderWithHooks node_modules/react-dom/cjs/react-dom-client.development.js:7662:21
 > updateFunctionComponent node_modules/react-dom/cjs/react-dom-client.development.js:10166:18
 > beginWork node_modules/react-dom/cjs/react-dom-client.development.js:11778:17
 > runWithFiberInDEV node_modules/react-dom/cjs/react-dom-client.development.js:871:29
 > performUnitOfWork node_modules/react-dom/cjs/react-dom-client.development.js:17641:21
 > workLoopSync node_modules/react-dom/cjs/react-dom-client.development.js:17469:40
 > renderRootSync node_modules/react-dom/cjs/react-dom-client.development.js:17450:10
 > performWorkOnRoot node_modules/react-dom/cjs/react-dom-client.development.js:16583:34

[2m12:45:05[22m [33m[1m[vite][22m[39m [33m[2m(client)[22m[39m [2m[console.warn] [22mAn error occurred in the <AddComponentPanel> component.

Consider adding an error boundary to your tree to customize error handling behavior.
Visit https://react.dev/link/error-boundaries to learn more about error boundaries.

[2m12:45:09[22m [31m[1m[vite][22m[39m [31m[2m(client)[22m[39m [31m[Unhandled error] [1mReferenceError[22m: running is not defined
[39m > AddComponentPanel src/components/AddComponentPanel.jsx:114:22
    112 |            <button
    113 |              onClick={run}
    114 |              disabled={running || !command.trim()}
        |                        ^
    115 |              className="rounded-lg bg-blue-500 px-6 py-3 text-sm font-medium text-white transition hover:bg-blue-400 d...
    116 |            >
 > Object.react_stack_bottom_frame node_modules/react-dom/cjs/react-dom-client.development.js:25904:19
 > renderWithHooks node_modules/react-dom/cjs/react-dom-client.development.js:7662:21
 > updateFunctionComponent node_modules/react-dom/cjs/react-dom-client.development.js:10166:18
 > beginWork node_modules/react-dom/cjs/react-dom-client.development.js:11778:17
 > runWithFiberInDEV node_modules/react-dom/cjs/react-dom-client.development.js:871:29
 > performUnitOfWork node_modules/react-dom/cjs/react-dom-client.development.js:17641:21
 > workLoopSync node_modules/react-dom/cjs/react-dom-client.development.js:17469:40
 > renderRootSync node_modules/react-dom/cjs/react-dom-client.development.js:17450:10
 > performWorkOnRoot node_modules/react-dom/cjs/react-dom-client.development.js:16583:34

[2m12:45:09[22m [33m[1m[vite][22m[39m [33m[2m(client)[22m[39m [2m[console.warn] [22mAn error occurred in the <AddComponentPanel> component.

Consider adding an error boundary to your tree to customize error handling behavior.
Visit https://react.dev/link/error-boundaries to learn more about error boundaries.

[2m12:45:11[22m [31m[1m[vite][22m[39m [31m[2m(client)[22m[39m [31m[Unhandled error] [1mReferenceError[22m: running is not defined
[39m > AddComponentPanel src/components/AddComponentPanel.jsx:114:22
    112 |            <button
    113 |              onClick={run}
    114 |              disabled={running || !command.trim()}
        |                        ^
    115 |              className="rounded-lg bg-blue-500 px-6 py-3 text-sm font-medium text-white transition hover:bg-blue-400 d...
    116 |            >
 > Object.react_stack_bottom_frame node_modules/react-dom/cjs/react-dom-client.development.js:25904:19
 > renderWithHooks node_modules/react-dom/cjs/react-dom-client.development.js:7662:21
 > updateFunctionComponent node_modules/react-dom/cjs/react-dom-client.development.js:10166:18
 > beginWork node_modules/react-dom/cjs/react-dom-client.development.js:11778:17
 > runWithFiberInDEV node_modules/react-dom/cjs/react-dom-client.development.js:871:29
 > performUnitOfWork node_modules/react-dom/cjs/react-dom-client.development.js:17641:21
 > workLoopSync node_modules/react-dom/cjs/react-dom-client.development.js:17469:40
 > renderRootSync node_modules/react-dom/cjs/react-dom-client.development.js:17450:10
 > performWorkOnRoot node_modules/react-dom/cjs/react-dom-client.development.js:16583:34

[2m12:45:11[22m [33m[1m[vite][22m[39m [33m[2m(client)[22m[39m [2m[console.warn] [22mAn error occurred in the <AddComponentPanel> component.

Consider adding an error boundary to your tree to customize error handling behavior.
Visit https://react.dev/link/error-boundaries to learn more about error boundaries.

[2m12:45:30[22m [31m[1m[vite][22m[39m [31m[2m(client)[22m[39m [31m[Unhandled error] [1mReferenceError[22m: running is not defined
[39m > AddComponentPanel src/components/AddComponentPanel.jsx:114:22
    112 |            <button
    113 |              onClick={run}
    114 |              disabled={running || !command.trim()}
        |                        ^
    115 |              className="rounded-lg bg-blue-500 px-6 py-3 text-sm font-medium text-white transition hover:bg-blue-400 d...
    116 |            >
 > Object.react_stack_bottom_frame node_modules/react-dom/cjs/react-dom-client.development.js:25904:19
 > renderWithHooks node_modules/react-dom/cjs/react-dom-client.development.js:7662:21
 > updateFunctionComponent node_modules/react-dom/cjs/react-dom-client.development.js:10166:18
 > beginWork node_modules/react-dom/cjs/react-dom-client.development.js:11778:17
 > runWithFiberInDEV node_modules/react-dom/cjs/react-dom-client.development.js:871:29
 > performUnitOfWork node_modules/react-dom/cjs/react-dom-client.development.js:17641:21
 > workLoopSync node_modules/react-dom/cjs/react-dom-client.development.js:17469:40
 > renderRootSync node_modules/react-dom/cjs/react-dom-client.development.js:17450:10
 > performWorkOnRoot node_modules/react-dom/cjs/react-dom-client.development.js:16583:34

[2m12:45:30[22m [33m[1m[vite][22m[39m [33m[2m(client)[22m[39m [2m[console.warn] [22mAn error occurred in the <AddComponentPanel> component.

Consider adding an error boundary to your tree to customize error handling behavior.
Visit https://react.dev/link/error-boundaries to learn more about error boundaries.

[2m12:46:04[22m [36m[1m[vite][22m[39m [90m[2m(client)[22m[39m [32mhmr update [39m[2m/src/components/AddComponentPanel.jsx, /src/index.css[22m
[2m12:46:35[22m [31m[1m[vite][22m[39m [31m[2m(client)[22m[39m [2m[console.error] [22mEncountered two children with the same key, `9-4`. Keys should be unique so that components maintain their identity across updates. Non-unique keys may cause children to be duplicated and/or omitted — the behavior is unsupported and could change in a future version.
[2m12:46:35[22m [31m[1m[vite][22m[39m [31m[2m(client)[22m[39m [2m[console.error] [22mEncountered two children with the same key, `7-4`. Keys should be unique so that components maintain their identity across updates. Non-unique keys may cause children to be duplicated and/or omitted — the behavior is unsupported and could change in a future version.
[2m12:46:35[22m [31m[1m[vite][22m[39m [31m[2m(client)[22m[39m [2m[console.error] [22mEncountered two children with the same key, `9-6`. Keys should be unique so that components maintain their identity across updates. Non-unique keys may cause children to be duplicated and/or omitted — the behavior is unsupported and could change in a future version.
[2m12:46:35[22m [31m[1m[vite][22m[39m [31m[2m(client)[22m[39m [2m[console.error] [22mEncountered two children with the same key, `8-2`. Keys should be unique so that components maintain their identity across updates. Non-unique keys may cause children to be duplicated and/or omitted — the behavior is unsupported and could change in a future version.
[2m12:46:53[22m [31m[1m[vite][22m[39m [31m[2m(client)[22m[39m [2m[console.error] [22mEncountered two children with the same key, `9-5`. Keys should be unique so that components maintain their identity across updates. Non-unique keys may cause children to be duplicated and/or omitted — the behavior is unsupported and could change in a future version.
[2m12:46:53[22m [31m[1m[vite][22m[39m [31m[2m(client)[22m[39m [2m[console.error] [22mEncountered two children with the same key, `8-3`. Keys should be unique so that components maintain their identity across updates. Non-unique keys may cause children to be duplicated and/or omitted — the behavior is unsupported and could change in a future version.
[2m12:46:53[22m [31m[1m[vite][22m[39m [31m[2m(client)[22m[39m [2m[console.error] [22mEncountered two children with the same key, `8-5`. Keys should be unique so that components maintain their identity across updates. Non-unique keys may cause children to be duplicated and/or omitted — the behavior is unsupported and could change in a future version.
[2m12:46:53[22m [31m[1m[vite][22m[39m [31m[2m(client)[22m[39m [2m[console.error] [22mEncountered two children with the same key, `8-5`. Keys should be unique so that components maintain their identity across updates. Non-unique keys may cause children to be duplicated and/or omitted — the behavior is unsupported and could change in a future version.
[2m12:46:53[22m [31m[1m[vite][22m[39m [31m[2m(client)[22m[39m [2m[console.error] [22mEncountered two children with the same key, `10-3`. Keys should be unique so that components maintain their identity across updates. Non-unique keys may cause children to be duplicated and/or omitted — the behavior is unsupported and could change in a future version.
[2m12:46:53[22m [31m[1m[vite][22m[39m [31m[2m(client)[22m[39m [2m[console.error] [22mEncountered two children with the same key, `10-3`. Keys should be unique so that components maintain their identity across updates. Non-unique keys may cause children to be duplicated and/or omitted — the behavior is unsupported and could change in a future version.
[2m12:46:53[22m [31m[1m[vite][22m[39m [31m[2m(client)[22m[39m [2m[console.error] [22mEncountered two children with the same key, `7-5`. Keys should be unique so that components maintain their identity across updates. Non-unique keys may cause children to be duplicated and/or omitted — the behavior is unsupported and could change in a future version.
[2m12:46:53[22m [31m[1m[vite][22m[39m [31m[2m(client)[22m[39m [2m[console.error] [22mEncountered two children with the same key, `9-4`. Keys should be unique so that components maintain their identity across updates. Non-unique keys may cause children to be duplicated and/or omitted — the behavior is unsupported and could change in a future version.
[2m12:47:26[22m [36m[1m[vite][22m[39m [90m[2m(client)[22m[39m [32mhmr update [39m[2m/src/components/AddComponentPanel.jsx, /src/index.css[22m
[2m12:47:43[22m [31m[1m[vite][22m[39m [31m[2m(client)[22m[39m [2m[console.error] [22mEncountered two children with the same key, `9-3`. Keys should be unique so that components maintain their identity across updates. Non-unique keys may cause children to be duplicated and/or omitted — the behavior is unsupported and could change in a future version.
[2m12:47:43[22m [31m[1m[vite][22m[39m [31m[2m(client)[22m[39m [2m[console.error] [22mEncountered two children with the same key, `10-5`. Keys should be unique so that components maintain their identity across updates. Non-unique keys may cause children to be duplicated and/or omitted — the behavior is unsupported and could change in a future version.
[2m12:47:43[22m [31m[1m[vite][22m[39m [31m[2m(client)[22m[39m [2m[console.error] [22mEncountered two children with the same key, `7-1`. Keys should be unique so that components maintain their identity across updates. Non-unique keys may cause children to be duplicated and/or omitted — the behavior is unsupported and could change in a future version.
[2m12:47:43[22m [31m[1m[vite][22m[39m [31m[2m(client)[22m[39m [2m[console.error] [22mEncountered two children with the same key, `10-1`. Keys should be unique so that components maintain their identity across updates. Non-unique keys may cause children to be duplicated and/or omitted — the behavior is unsupported and could change in a future version.
[2m12:47:43[22m [31m[1m[vite][22m[39m [31m[2m(client)[22m[39m [2m[console.error] [22mEncountered two children with the same key, `8-6`. Keys should be unique so that components maintain their identity across updates. Non-unique keys may cause children to be duplicated and/or omitted — the behavior is unsupported and could change in a future version.
[2m12:47:43[22m [31m[1m[vite][22m[39m [31m[2m(client)[22m[39m [2m[console.error] [22mEncountered two children with the same key, `10-6`. Keys should be unique so that components maintain their identity across updates. Non-unique keys may cause children to be duplicated and/or omitted — the behavior is unsupported and could change in a future version.
[2m12:47:43[22m [31m[1m[vite][22m[39m [31m[2m(client)[22m[39m [2m[console.error] [22mEncountered two children with the same key, `7-4`. Keys should be unique so that components maintain their identity across updates. Non-unique keys may cause children to be duplicated and/or omitted — the behavior is unsupported and could change in a future version.
[2m12:47:43[22m [31m[1m[vite][22m[39m [31m[2m(client)[22m[39m [2m[console.error] [22mEncountered two children with the same key, `10-6`. Keys should be unique so that components maintain their identity across updates. Non-unique keys may cause children to be duplicated and/or omitted — the behavior is unsupported and could change in a future version.
[2m12:47:43[22m [31m[1m[vite][22m[39m [31m[2m(client)[22m[39m [2m[console.error] [22mEncountered two children with the same key, `7-4`. Keys should be unique so that components maintain their identity across updates. Non-unique keys may cause children to be duplicated and/or omitted — the behavior is unsupported and could change in a future version.
[2m12:47:43[22m [31m[1m[vite][22m[39m [31m[2m(client)[22m[39m [2m[console.error] [22mEncountered two children with the same key, `7-4`. Keys should be unique so that components maintain their identity across updates. Non-unique keys may cause children to be duplicated and/or omitted — the behavior is unsupported and could change in a future version.
[2m12:48:23[22m [31m[1m[vite][22m[39m [31m[2m(client)[22m[39m [2m[console.error] [22mEncountered two children with the same key, `8-5`. Keys should be unique so that components maintain their identity across updates. Non-unique keys may cause children to be duplicated and/or omitted — the behavior is unsupported and could change in a future version.
[2m12:48:23[22m [31m[1m[vite][22m[39m [31m[2m(client)[22m[39m [2m[console.error] [22mEncountered two children with the same key, `10-4`. Keys should be unique so that components maintain their identity across updates. Non-unique keys may cause children to be duplicated and/or omitted — the behavior is unsupported and could change in a future version.
[2m12:48:23[22m [31m[1m[vite][22m[39m [31m[2m(client)[22m[39m [2m[console.error] [22mEncountered two children with the same key, `7-4`. Keys should be unique so that components maintain their identity across updates. Non-unique keys may cause children to be duplicated and/or omitted — the behavior is unsupported and could change in a future version.
[2m12:48:23[22m [31m[1m[vite][22m[39m [31m[2m(client)[22m[39m [2m[console.error] [22mEncountered two children with the same key, `7-2`. Keys should be unique so that components maintain their identity across updates. Non-unique keys may cause children to be duplicated and/or omitted — the behavior is unsupported and could change in a future version.
[2m12:49:20[22m [36m[1m[vite][22m[39m [90m[2m(client)[22m[39m [32mhmr update [39m[2m/src/App.jsx, /src/index.css[22m
[2m12:49:20[22m [33m[1m[vite][22m[39m [33m[2m(client)[22m[39m [33mwarning: invalid import "./components/${entry.demo}". A file extension must be included in the static part of the import. For example: import(`./foo/${bar}.js`).[39m
  Plugin: [35mvite:dynamic-import-vars[39m
  File: [36mD:/task/src/App.jsx[39m
[2m12:49:20[22m [33m[1m[vite][22m[39m [33m[2m(client)[22m[39m [33mwarning: 
[36mD:/task/src/App.jsx[33m
[0m12 |  for (const entry of MANIFEST) {
13 |  	if (entry.demo) {
14 |  		demoLoaders[entry.id] = lazy(() => import(`./components/${entry.demo}`));
   |                                              ^^^^^^^^^^^^^^^^^^^^^^^^^^^^
15 |  	}
16 |  }[0m[33m
The above dynamic import cannot be analyzed by Vite.
See [34mhttps://vite.dev/guide/features#dynamic-import[33m for supported dynamic import formats. If this is intended to be left as-is, you can use the /* @vite-ignore */ comment inside the import() call to suppress this warning.
[33m[39m
  Plugin: [35mvite:import-analysis[39m
  File: [36mD:/task/src/App.jsx[39m
[2m12:49:21[22m [31m[1m[vite][22m[39m [31m[2m(client)[22m[39m [2m[console.error] [22mEncountered two children with the same key, `9-1`. Keys should be unique so that components maintain their identity across updates. Non-unique keys may cause children to be duplicated and/or omitted — the behavior is unsupported and could change in a future version.
[2m12:49:21[22m [31m[1m[vite][22m[39m [31m[2m(client)[22m[39m [2m[console.error] [22mEncountered two children with the same key, `10-5`. Keys should be unique so that components maintain their identity across updates. Non-unique keys may cause children to be duplicated and/or omitted — the behavior is unsupported and could change in a future version.
[2m12:49:21[22m [31m[1m[vite][22m[39m [31m[2m(client)[22m[39m [2m[console.error] [22mEncountered two children with the same key, `8-5`. Keys should be unique so that components maintain their identity across updates. Non-unique keys may cause children to be duplicated and/or omitted — the behavior is unsupported and could change in a future version.
[2m12:49:43[22m [36m[1m[vite][22m[39m [90m[2m(client)[22m[39m [32mhmr update [39m[2m/src/components/AddComponentPanel.jsx, /src/index.css[22m
[2m12:49:46[22m [36m[1m[vite][22m[39m [90m[2m(client)[22m[39m [32mhmr update [39m[2m/src/components/AddComponentPanel.jsx, /src/index.css[22m
[2m12:49:47[22m [31m[1m[vite][22m[39m [31m[2m(client)[22m[39m [31m[Unhandled error] [1mError[22m: Target container is not a DOM element.
[39m > exports.createPortal node_modules/react-dom/cjs/react-dom.development.js:128:14
 > AddComponentPanel src/components/AddComponentPanel.jsx:138:8
    136 |  
    137 |        {offscreen &&
    138 |          createPortal(
        |          ^
    139 |            <div className="fixed bottom-6 right-6 z-50 w-[min(92vw,26rem)] overflow-hidden rounded-2xl border border-w...
    140 |            <div className="flex items-center gap-3 border-b border-white/10 px-4 py-2">
 > Object.react_stack_bottom_frame node_modules/react-dom/cjs/react-dom-client.development.js:25904:19
 > renderWithHooks node_modules/react-dom/cjs/react-dom-client.development.js:7662:21
 > updateFunctionComponent node_modules/react-dom/cjs/react-dom-client.development.js:10166:18
 > beginWork node_modules/react-dom/cjs/react-dom-client.development.js:11778:17
 > runWithFiberInDEV node_modules/react-dom/cjs/react-dom-client.development.js:871:29
 > performUnitOfWork node_modules/react-dom/cjs/react-dom-client.development.js:17641:21
 > workLoopSync node_modules/react-dom/cjs/react-dom-client.development.js:17469:40
 > renderRootSync node_modules/react-dom/cjs/react-dom-client.development.js:17450:10

[2m12:49:47[22m [33m[1m[vite][22m[39m [33m[2m(client)[22m[39m [2m[console.warn] [22mAn error occurred in the <AddComponentPanel> component.

Consider adding an error boundary to your tree to customize error handling behavior.
Visit https://react.dev/link/error-boundaries to learn more about error boundaries.

[2m12:49:49[22m [36m[1m[vite][22m[39m [90m[2m(client)[22m[39m [32mhmr update [39m[2m/src/components/AddComponentPanel.jsx, /src/index.css[22m
[2m12:49:49[22m [31m[1m[vite][22m[39m [31m[2m(client)[22m[39m [2m[console.error] [22mEncountered two children with the same key, `8-6`. Keys should be unique so that components maintain their identity across updates. Non-unique keys may cause children to be duplicated and/or omitted — the behavior is unsupported and could change in a future version.
[2m12:49:49[22m [31m[1m[vite][22m[39m [31m[2m(client)[22m[39m [2m[console.error] [22mEncountered two children with the same key, `8-2`. Keys should be unique so that components maintain their identity across updates. Non-unique keys may cause children to be duplicated and/or omitted — the behavior is unsupported and could change in a future version.
[2m12:49:49[22m [31m[1m[vite][22m[39m [31m[2m(client)[22m[39m [2m[console.error] [22mEncountered two children with the same key, `8-2`. Keys should be unique so that components maintain their identity across updates. Non-unique keys may cause children to be duplicated and/or omitted — the behavior is unsupported and could change in a future version.
[2m12:49:49[22m [31m[1m[vite][22m[39m [31m[2m(client)[22m[39m [2m[console.error] [22mEncountered two children with the same key, `7-6`. Keys should be unique so that components maintain their identity across updates. Non-unique keys may cause children to be duplicated and/or omitted — the behavior is unsupported and could change in a future version.
[2m12:49:49[22m [31m[1m[vite][22m[39m [31m[2m(client)[22m[39m [2m[console.error] [22mEncountered two children with the same key, `7-6`. Keys should be unique so that components maintain their identity across updates. Non-unique keys may cause children to be duplicated and/or omitted — the behavior is unsupported and could change in a future version.
[2m12:49:49[22m [31m[1m[vite][22m[39m [31m[2m(client)[22m[39m [2m[console.error] [22mEncountered two children with the same key, `7-6`. Keys should be unique so that components maintain their identity across updates. Non-unique keys may cause children to be duplicated and/or omitted — the behavior is unsupported and could change in a future version.
[2m12:50:07[22m [31m[1m[vite][22m[39m [31m[2m(client)[22m[39m [2m[console.error] [22mEncountered two children with the same key, `10-3`. Keys should be unique so that components maintain their identity across updates. Non-unique keys may cause children to be duplicated and/or omitted — the behavior is unsupported and could change in a future version.
[2m12:50:07[22m [31m[1m[vite][22m[39m [31m[2m(client)[22m[39m [2m[console.error] [22mEncountered two children with the same key, `7-6`. Keys should be unique so that components maintain their identity across updates. Non-unique keys may cause children to be duplicated and/or omitted — the behavior is unsupported and could change in a future version.
[2m12:50:07[22m [31m[1m[vite][22m[39m [31m[2m(client)[22m[39m [2m[console.error] [22mEncountered two children with the same key, `7-2`. Keys should be unique so that components maintain their identity across updates. Non-unique keys may cause children to be duplicated and/or omitted — the behavior is unsupported and could change in a future version.
[2m12:50:07[22m [31m[1m[vite][22m[39m [31m[2m(client)[22m[39m [2m[console.error] [22mEncountered two children with the same key, `10-1`. Keys should be unique so that components maintain their identity across updates. Non-unique keys may cause children to be duplicated and/or omitted — the behavior is unsupported and could change in a future version.
[2m12:50:07[22m [31m[1m[vite][22m[39m [31m[2m(client)[22m[39m [2m[console.error] [22mEncountered two children with the same key, `7-4`. Keys should be unique so that components maintain their identity across updates. Non-unique keys may cause children to be duplicated and/or omitted — the behavior is unsupported and could change in a future version.
[2m12:50:07[22m [31m[1m[vite][22m[39m [31m[2m(client)[22m[39m [2m[console.error] [22mEncountered two children with the same key, `9-6`. Keys should be unique so that components maintain their identity across updates. Non-unique keys may cause children to be duplicated and/or omitted — the behavior is unsupported and could change in a future version.
[2m12:53:36[22m [36m[1m[vite][22m[39m [90m[2m(client)[22m[39m [32mhmr update [39m[2m/src/components/AddComponentPanel.jsx, /src/index.css[22m
[2m12:53:40[22m [36m[1m[vite][22m[39m [90m[2m(client)[22m[39m [32mhmr update [39m[2m/src/components/AddComponentPanel.jsx, /src/index.css[22m
[2m12:53:50[22m [36m[1m[vite][22m[39m [90m[2m(client)[22m[39m [32mhmr update [39m[2m/src/components/AddComponentPanel.jsx, /src/index.css[22m
[2m12:54:42[22m [31m[1m[vite][22m[39m [31m[2m(client)[22m[39m [2m[console.error] [22mEncountered two children with the same key, `9-6`. Keys should be unique so that components maintain their identity across updates. Non-unique keys may cause children to be duplicated and/or omitted — the behavior is unsupported and could change in a future version.
[2m12:54:42[22m [31m[1m[vite][22m[39m [31m[2m(client)[22m[39m [2m[console.error] [22mEncountered two children with the same key, `9-6`. Keys should be unique so that components maintain their identity across updates. Non-unique keys may cause children to be duplicated and/or omitted — the behavior is unsupported and could change in a future version.
[2m12:54:42[22m [31m[1m[vite][22m[39m [31m[2m(client)[22m[39m [2m[console.error] [22mEncountered two children with the same key, `9-5`. Keys should be unique so that components maintain their identity across updates. Non-unique keys may cause children to be duplicated and/or omitted — the behavior is unsupported and could change in a future version.
[2m12:54:42[22m [31m[1m[vite][22m[39m [31m[2m(client)[22m[39m [2m[console.error] [22mEncountered two children with the same key, `9-5`. Keys should be unique so that components maintain their identity across updates. Non-unique keys may cause children to be duplicated and/or omitted — the behavior is unsupported and could change in a future version.
[2m12:54:42[22m [31m[1m[vite][22m[39m [31m[2m(client)[22m[39m [2m[console.error] [22mEncountered two children with the same key, `7-3`. Keys should be unique so that components maintain their identity across updates. Non-unique keys may cause children to be duplicated and/or omitted — the behavior is unsupported and could change in a future version.
